###############################################################################
#
# IAR ELF Linker V8.40.1.212/W32 for ARM                  12/Dec/2021  19:42:49
# Copyright 2007-2019 IAR Systems AB.
#
#    Output file  =
#        Z:\VM
#        Share\workspace\PWM\Manage_LED_Brightness\EWARM\Manage_LED_Brightness\Exe\Manage_LED_Brightness.out
#    Map file     =
#        Z:\VM
#        Share\workspace\PWM\Manage_LED_Brightness\EWARM\Manage_LED_Brightness\List\Manage_LED_Brightness.map
#    Command line =
#        -f C:\Users\Sonic\AppData\Local\Temp\EWBF74.tmp ("Z:\VM
#        Share\workspace\PWM\Manage_LED_Brightness\EWARM\Manage_LED_Brightness\Obj\main.o"
#        "Z:\VM
#        Share\workspace\PWM\Manage_LED_Brightness\EWARM\Manage_LED_Brightness\Obj\startup_stm32l475xx.o"
#        "Z:\VM
#        Share\workspace\PWM\Manage_LED_Brightness\EWARM\Manage_LED_Brightness\Obj\stm32l4xx_hal.o"
#        "Z:\VM
#        Share\workspace\PWM\Manage_LED_Brightness\EWARM\Manage_LED_Brightness\Obj\stm32l4xx_hal_cortex.o"
#        "Z:\VM
#        Share\workspace\PWM\Manage_LED_Brightness\EWARM\Manage_LED_Brightness\Obj\stm32l4xx_hal_dma.o"
#        "Z:\VM
#        Share\workspace\PWM\Manage_LED_Brightness\EWARM\Manage_LED_Brightness\Obj\stm32l4xx_hal_dma_ex.o"
#        "Z:\VM
#        Share\workspace\PWM\Manage_LED_Brightness\EWARM\Manage_LED_Brightness\Obj\stm32l4xx_hal_exti.o"
#        "Z:\VM
#        Share\workspace\PWM\Manage_LED_Brightness\EWARM\Manage_LED_Brightness\Obj\stm32l4xx_hal_flash.o"
#        "Z:\VM
#        Share\workspace\PWM\Manage_LED_Brightness\EWARM\Manage_LED_Brightness\Obj\stm32l4xx_hal_flash_ex.o"
#        "Z:\VM
#        Share\workspace\PWM\Manage_LED_Brightness\EWARM\Manage_LED_Brightness\Obj\stm32l4xx_hal_flash_ramfunc.o"
#        "Z:\VM
#        Share\workspace\PWM\Manage_LED_Brightness\EWARM\Manage_LED_Brightness\Obj\stm32l4xx_hal_gpio.o"
#        "Z:\VM
#        Share\workspace\PWM\Manage_LED_Brightness\EWARM\Manage_LED_Brightness\Obj\stm32l4xx_hal_i2c.o"
#        "Z:\VM
#        Share\workspace\PWM\Manage_LED_Brightness\EWARM\Manage_LED_Brightness\Obj\stm32l4xx_hal_i2c_ex.o"
#        "Z:\VM
#        Share\workspace\PWM\Manage_LED_Brightness\EWARM\Manage_LED_Brightness\Obj\stm32l4xx_hal_msp.o"
#        "Z:\VM
#        Share\workspace\PWM\Manage_LED_Brightness\EWARM\Manage_LED_Brightness\Obj\stm32l4xx_hal_pwr.o"
#        "Z:\VM
#        Share\workspace\PWM\Manage_LED_Brightness\EWARM\Manage_LED_Brightness\Obj\stm32l4xx_hal_pwr_ex.o"
#        "Z:\VM
#        Share\workspace\PWM\Manage_LED_Brightness\EWARM\Manage_LED_Brightness\Obj\stm32l4xx_hal_rcc.o"
#        "Z:\VM
#        Share\workspace\PWM\Manage_LED_Brightness\EWARM\Manage_LED_Brightness\Obj\stm32l4xx_hal_rcc_ex.o"
#        "Z:\VM
#        Share\workspace\PWM\Manage_LED_Brightness\EWARM\Manage_LED_Brightness\Obj\stm32l4xx_hal_tim.o"
#        "Z:\VM
#        Share\workspace\PWM\Manage_LED_Brightness\EWARM\Manage_LED_Brightness\Obj\stm32l4xx_hal_tim_ex.o"
#        "Z:\VM
#        Share\workspace\PWM\Manage_LED_Brightness\EWARM\Manage_LED_Brightness\Obj\stm32l4xx_it.o"
#        "Z:\VM
#        Share\workspace\PWM\Manage_LED_Brightness\EWARM\Manage_LED_Brightness\Obj\system_stm32l4xx.o"
#        --no_out_extension -o "Z:\VM
#        Share\workspace\PWM\Manage_LED_Brightness\EWARM\Manage_LED_Brightness\Exe\Manage_LED_Brightness.out"
#        --redirect _Printf=_PrintfFullNoMb --redirect _Scanf=_ScanfFullNoMb
#        --map "Z:\VM
#        Share\workspace\PWM\Manage_LED_Brightness\EWARM\Manage_LED_Brightness\List\Manage_LED_Brightness.map"
#        --config "Z:\VM
#        Share\workspace\PWM\Manage_LED_Brightness\EWARM/stm32l475xx_flash.icf"
#        --semihosting --entry __iar_program_start --vfe --text_out locale)
#
###############################################################################

*******************************************************************************
*** RUNTIME MODEL ATTRIBUTES
***

CppFlavor       = *
__SystemLibrary = DLib
__dlib_version  = 6


*******************************************************************************
*** HEAP SELECTION
***

The basic heap was selected because some modules are built with
size limitations (and not runtime checking), and --advanced_heap
was not specified.


*******************************************************************************
*** PLACEMENT SUMMARY
***

"A0":  place at address 0x800'0000 { ro section .intvec };
"P1":  place in [from 0x800'0000 to 0x80f'ffff] { ro };
define block CSTACK with size = 1K, alignment = 8 { };
define block HEAP with size = 512, alignment = 8 { };
"P2":  place in [from 0x2000'0000 to 0x2001'7fff] {
          rw, block CSTACK, block HEAP };
"P3":  place in [from 0x2000'0000 to 0x2001'7fff] { };
initialize by copy { rw };

  Section            Kind         Address    Size  Object
  -------            ----         -------    ----  ------
"A0":                                       0x188
  .intvec            ro code   0x800'0000   0x188  startup_stm32l475xx.o [1]
                             - 0x800'0188   0x188

"P1":                                      0x1914
  .text              ro code   0x800'0188   0x7fe  stm32l4xx_hal_tim.o [1]
  .text              ro code   0x800'0986    0x3a  zero_init3.o [4]
  .text              ro code   0x800'09c0    0xb4  stm32l4xx_hal_msp.o [1]
  .text              ro code   0x800'0a74     0x2  stm32l4xx_hal_tim.o [1]
  .text              ro code   0x800'0a76    0x2e  copy_init3.o [4]
  .text              ro code   0x800'0aa4    0xc8  stm32l4xx_hal_cortex.o [1]
  .text              ro code   0x800'0b6c    0x14  memset.o [4]
  .text              ro code   0x800'0b80   0x1e0  stm32l4xx_hal_gpio.o [1]
  .text              ro code   0x800'0d60    0x66  ABImemset.o [4]
  .text              ro code   0x800'0dc8   0x6bc  stm32l4xx_hal_rcc.o [1]
  .text              ro code   0x800'1484    0x44  stm32l4xx_hal.o [1]
  .text              ro code   0x800'14c8     0xc  stm32l4xx_hal.o [1]
  .text              ro code   0x800'14d4    0x84  stm32l4xx_hal_pwr_ex.o [1]
  .text              ro code   0x800'1558   0x1a0  main.o [1]
  .text              ro code   0x800'16f8    0x1e  stm32l4xx_hal.o [1]
  .text              ro code   0x800'1718    0x94  stm32l4xx_hal_tim_ex.o [1]
  .text              ro code   0x800'17ac    0x28  stm32l4xx_hal.o [1]
  .text              ro code   0x800'17d4    0x50  system_stm32l4xx.o [1]
  .rodata            const     0x800'1824    0x30  system_stm32l4xx.o [1]
  .text              ro code   0x800'1854    0x28  data_init.o [4]
  .text              ro code   0x800'187c    0x22  fpinit_M.o [3]
  .iar.init_table    const     0x800'18a0    0x24  - Linker created -
  .text              ro code   0x800'18c4    0x1e  cmain.o [4]
  .text              ro code   0x800'18e2     0x4  low_level_init.o [2]
  .text              ro code   0x800'18e6     0x4  exit.o [2]
  .text              ro code   0x800'18ec     0xa  cexit.o [4]
  .text              ro code   0x800'18f8    0x14  exit.o [5]
  .text              ro code   0x800'190c    0x16  stm32l4xx_it.o [1]
  .text              ro code   0x800'1924    0x10  stm32l4xx_hal.o [1]
  .text              ro code   0x800'1934    0x10  startup_stm32l475xx.o [1]
  Initializer bytes  const     0x800'1944    0x10  <for P2-P3-1>
  .text              ro code   0x800'1954     0xc  cstartup_M.o [4]
  .text              ro code   0x800'1960     0x4  startup_stm32l475xx.o [1]
  .text              ro code   0x800'1964     0x4  startup_stm32l475xx.o [1]
  .text              ro code   0x800'1968     0x4  startup_stm32l475xx.o [1]
  .text              ro code   0x800'196c     0x4  startup_stm32l475xx.o [1]
  .text              ro code   0x800'1970     0x4  startup_stm32l475xx.o [1]
  .text              ro code   0x800'1974     0x4  startup_stm32l475xx.o [1]
  .text              ro code   0x800'1978     0x4  startup_stm32l475xx.o [1]
  .text              ro code   0x800'197c     0x4  startup_stm32l475xx.o [1]
  .text              ro code   0x800'1980     0x4  startup_stm32l475xx.o [1]
  .text              ro code   0x800'1984     0x4  startup_stm32l475xx.o [1]
  .text              ro code   0x800'1988     0x4  startup_stm32l475xx.o [1]
  .text              ro code   0x800'198c     0x4  startup_stm32l475xx.o [1]
  .text              ro code   0x800'1990     0x4  startup_stm32l475xx.o [1]
  .text              ro code   0x800'1994     0x4  startup_stm32l475xx.o [1]
  .text              ro code   0x800'1998     0x4  startup_stm32l475xx.o [1]
  .text              ro code   0x800'199c     0x4  startup_stm32l475xx.o [1]
  .text              ro code   0x800'19a0     0x4  startup_stm32l475xx.o [1]
  .text              ro code   0x800'19a4     0x4  startup_stm32l475xx.o [1]
  .text              ro code   0x800'19a8     0x4  startup_stm32l475xx.o [1]
  .text              ro code   0x800'19ac     0x4  startup_stm32l475xx.o [1]
  .text              ro code   0x800'19b0     0x4  startup_stm32l475xx.o [1]
  .text              ro code   0x800'19b4     0x4  startup_stm32l475xx.o [1]
  .text              ro code   0x800'19b8     0x4  startup_stm32l475xx.o [1]
  .text              ro code   0x800'19bc     0x4  startup_stm32l475xx.o [1]
  .text              ro code   0x800'19c0     0x4  startup_stm32l475xx.o [1]
  .text              ro code   0x800'19c4     0x4  startup_stm32l475xx.o [1]
  .text              ro code   0x800'19c8     0x4  startup_stm32l475xx.o [1]
  .text              ro code   0x800'19cc     0x4  startup_stm32l475xx.o [1]
  .text              ro code   0x800'19d0     0x4  startup_stm32l475xx.o [1]
  .text              ro code   0x800'19d4     0x4  startup_stm32l475xx.o [1]
  .text              ro code   0x800'19d8     0x4  startup_stm32l475xx.o [1]
  .text              ro code   0x800'19dc     0x4  startup_stm32l475xx.o [1]
  .text              ro code   0x800'19e0     0x4  startup_stm32l475xx.o [1]
  .text              ro code   0x800'19e4     0x4  startup_stm32l475xx.o [1]
  .text              ro code   0x800'19e8     0x4  startup_stm32l475xx.o [1]
  .text              ro code   0x800'19ec     0x4  startup_stm32l475xx.o [1]
  .text              ro code   0x800'19f0     0x4  startup_stm32l475xx.o [1]
  .text              ro code   0x800'19f4     0x4  startup_stm32l475xx.o [1]
  .text              ro code   0x800'19f8     0x4  startup_stm32l475xx.o [1]
  .text              ro code   0x800'19fc     0x4  startup_stm32l475xx.o [1]
  .text              ro code   0x800'1a00     0x4  startup_stm32l475xx.o [1]
  .text              ro code   0x800'1a04     0x4  startup_stm32l475xx.o [1]
  .text              ro code   0x800'1a08     0x4  startup_stm32l475xx.o [1]
  .text              ro code   0x800'1a0c     0x4  startup_stm32l475xx.o [1]
  .text              ro code   0x800'1a10     0x4  startup_stm32l475xx.o [1]
  .text              ro code   0x800'1a14     0x4  startup_stm32l475xx.o [1]
  .text              ro code   0x800'1a18     0x4  startup_stm32l475xx.o [1]
  .text              ro code   0x800'1a1c     0x4  startup_stm32l475xx.o [1]
  .text              ro code   0x800'1a20     0x4  startup_stm32l475xx.o [1]
  .text              ro code   0x800'1a24     0x4  startup_stm32l475xx.o [1]
  .text              ro code   0x800'1a28     0x4  startup_stm32l475xx.o [1]
  .text              ro code   0x800'1a2c     0x4  startup_stm32l475xx.o [1]
  .text              ro code   0x800'1a30     0x4  startup_stm32l475xx.o [1]
  .text              ro code   0x800'1a34     0x4  startup_stm32l475xx.o [1]
  .text              ro code   0x800'1a38     0x4  startup_stm32l475xx.o [1]
  .text              ro code   0x800'1a3c     0x4  startup_stm32l475xx.o [1]
  .text              ro code   0x800'1a40     0x4  startup_stm32l475xx.o [1]
  .text              ro code   0x800'1a44     0x4  startup_stm32l475xx.o [1]
  .text              ro code   0x800'1a48     0x4  startup_stm32l475xx.o [1]
  .text              ro code   0x800'1a4c     0x4  startup_stm32l475xx.o [1]
  .text              ro code   0x800'1a50     0x4  startup_stm32l475xx.o [1]
  .text              ro code   0x800'1a54     0x4  startup_stm32l475xx.o [1]
  .text              ro code   0x800'1a58     0x4  startup_stm32l475xx.o [1]
  .text              ro code   0x800'1a5c     0x4  startup_stm32l475xx.o [1]
  .text              ro code   0x800'1a60     0x4  startup_stm32l475xx.o [1]
  .text              ro code   0x800'1a64     0x4  startup_stm32l475xx.o [1]
  .text              ro code   0x800'1a68     0x4  startup_stm32l475xx.o [1]
  .text              ro code   0x800'1a6c     0x4  startup_stm32l475xx.o [1]
  .text              ro code   0x800'1a70     0x4  startup_stm32l475xx.o [1]
  .text              ro code   0x800'1a74     0x4  startup_stm32l475xx.o [1]
  .text              ro code   0x800'1a78     0x4  startup_stm32l475xx.o [1]
  .text              ro code   0x800'1a7c     0x4  startup_stm32l475xx.o [1]
  .text              ro code   0x800'1a80     0x4  startup_stm32l475xx.o [1]
  .text              ro code   0x800'1a84     0x4  startup_stm32l475xx.o [1]
  .text              ro code   0x800'1a88     0x4  startup_stm32l475xx.o [1]
  .text              ro code   0x800'1a8c     0x4  startup_stm32l475xx.o [1]
  .text              ro code   0x800'1a90     0x4  startup_stm32l475xx.o [1]
  .text              ro code   0x800'1a94     0x4  startup_stm32l475xx.o [1]
  .text              ro code   0x800'1a98     0x4  startup_stm32l475xx.o [1]
  .rodata            const     0x800'1a9c     0x0  zero_init3.o [4]
  .rodata            const     0x800'1a9c     0x0  copy_init3.o [4]
                             - 0x800'1a9c  0x1914

"P2-P3", part 1 of 3:                        0x10
  P2-P3-1                     0x2000'0000    0x10  <Init block>
    .data            inited   0x2000'0000     0xc  stm32l4xx_hal.o [1]
    .data            inited   0x2000'000c     0x4  system_stm32l4xx.o [1]
                            - 0x2000'0010    0x10

"P2-P3", part 2 of 3:                        0x4c
  .bss               zero     0x2000'0010    0x4c  main.o [1]
                            - 0x2000'005c    0x4c

"P2-P3", part 3 of 3:                       0x400
  CSTACK                      0x2000'0060   0x400  <Block>
    CSTACK           uninit   0x2000'0060   0x400  <Block tail>
                            - 0x2000'0460   0x400

Unused ranges:

         From           To      Size
         ----           --      ----
   0x800'1a9c   0x80f'ffff  0xf'e564
  0x2000'005c  0x2000'005f       0x4
  0x2000'0460  0x2001'7fff  0x1'7ba0


*******************************************************************************
*** INIT TABLE
***

          Address      Size
          -------      ----
Zero (__iar_zero_init3)
    1 destination range, total size 0x4c:
          0x2000'0010  0x4c

Copy (__iar_copy_init3)
    1 source range, total size 0x10:
           0x800'1944  0x10
    1 destination range, total size 0x10:
          0x2000'0000  0x10



*******************************************************************************
*** MODULE SUMMARY
***

    Module                  ro code  ro data  rw data
    ------                  -------  -------  -------
command line/config:
    -------------------------------------------------
    Total:

Z:\VM Share\workspace\PWM\Manage_LED_Brightness\EWARM\Manage_LED_Brightness\Obj: [1]
    main.o                      416                76
    startup_stm32l475xx.o       724
    stm32l4xx_hal.o             166       12       12
    stm32l4xx_hal_cortex.o      200
    stm32l4xx_hal_gpio.o        480
    stm32l4xx_hal_msp.o         180
    stm32l4xx_hal_pwr_ex.o      132
    stm32l4xx_hal_rcc.o       1'724
    stm32l4xx_hal_tim.o       2'048
    stm32l4xx_hal_tim_ex.o      148
    stm32l4xx_it.o               22
    system_stm32l4xx.o           80       52        4
    -------------------------------------------------
    Total:                    6'320       64       92

dl7M_tln.a: [2]
    exit.o                        4
    low_level_init.o              4
    -------------------------------------------------
    Total:                        8

m7M_tls.a: [3]
    fpinit_M.o                   34
    -------------------------------------------------
    Total:                       34

rt7M_tl.a: [4]
    ABImemset.o                 102
    cexit.o                      10
    cmain.o                      30
    copy_init3.o                 46
    cstartup_M.o                 12
    data_init.o                  40
    memset.o                     20
    zero_init3.o                 58
    -------------------------------------------------
    Total:                      318

shb_l.a: [5]
    exit.o                       20
    -------------------------------------------------
    Total:                       20

    Gaps                         10        2
    Linker created                        36    1'024
-----------------------------------------------------
    Grand Total:              6'710      102    1'116


*******************************************************************************
*** ENTRY LIST
***

Entry                       Address   Size  Type      Object
-----                       -------   ----  ----      ------
.iar.init_table$$Base    0x800'18a0          --   Gb  - Linker created -
.iar.init_table$$Limit   0x800'18c4          --   Gb  - Linker created -
?main                    0x800'18c5         Code  Gb  cmain.o [4]
AHBPrescTable            0x800'1814   0x10  Data  Gb  system_stm32l4xx.o [1]
BusFault_Handler         0x800'1913    0x2  Code  Gb  stm32l4xx_it.o [1]
CSTACK$$Base            0x2000'0060          --   Gb  - Linker created -
CSTACK$$Limit           0x2000'0460          --   Gb  - Linker created -
DebugMon_Handler         0x800'1919    0x2  Code  Gb  stm32l4xx_it.o [1]
Error_Handler            0x800'16f5    0x4  Code  Gb  main.o [1]
HAL_Delay                0x800'17ad   0x28  Code  Wk  stm32l4xx_hal.o [1]
HAL_GPIO_Init            0x800'0b81  0x1bc  Code  Gb  stm32l4xx_hal_gpio.o [1]
HAL_GetTick              0x800'14c9    0xc  Code  Wk  stm32l4xx_hal.o [1]
HAL_IncTick              0x800'1925   0x10  Code  Wk  stm32l4xx_hal.o [1]
HAL_Init                 0x800'16f9   0x1e  Code  Gb  stm32l4xx_hal.o [1]
HAL_InitTick             0x800'1485   0x44  Code  Wk  stm32l4xx_hal.o [1]
HAL_MspInit              0x800'09c1   0x3c  Code  Gb  stm32l4xx_hal_msp.o [1]
HAL_NVIC_EnableIRQ       0x800'0b15   0x16  Code  Gb  stm32l4xx_hal_cortex.o [1]
HAL_NVIC_SetPriority     0x800'0ad9   0x3a  Code  Gb  stm32l4xx_hal_cortex.o [1]
HAL_NVIC_SetPriorityGrouping
                         0x800'0abf   0x1a  Code  Gb  stm32l4xx_hal_cortex.o [1]
HAL_PWREx_ControlVoltageScaling
                         0x800'14e1   0x5c  Code  Gb  stm32l4xx_hal_pwr_ex.o [1]
HAL_PWREx_GetVoltageRange
                         0x800'14d5    0xc  Code  Gb  stm32l4xx_hal_pwr_ex.o [1]
HAL_RCC_ClockConfig      0x800'1233  0x100  Code  Gb  stm32l4xx_hal_rcc.o [1]
HAL_RCC_GetSysClockFreq
                         0x800'1347   0x92  Code  Gb  stm32l4xx_hal_rcc.o [1]
HAL_RCC_OscConfig        0x800'0dc9  0x43e  Code  Gb  stm32l4xx_hal_rcc.o [1]
HAL_SYSTICK_Config       0x800'0b2b   0x28  Code  Gb  stm32l4xx_hal_cortex.o [1]
HAL_TIMEx_MasterConfigSynchronization
                         0x800'1719   0x7a  Code  Gb  stm32l4xx_hal_tim_ex.o [1]
HAL_TIM_Base_Init        0x800'0189   0x1a  Code  Gb  stm32l4xx_hal_tim.o [1]
HAL_TIM_Base_MspInit     0x800'09fd   0x22  Code  Gb  stm32l4xx_hal_msp.o [1]
HAL_TIM_ConfigClockSource
                         0x800'0507   0x90  Code  Gb  stm32l4xx_hal_tim.o [1]
HAL_TIM_MspPostInit      0x800'0a1f   0x4c  Code  Gb  stm32l4xx_hal_msp.o [1]
HAL_TIM_PWM_ConfigChannel
                         0x800'03f9  0x102  Code  Gb  stm32l4xx_hal_tim.o [1]
HAL_TIM_PWM_Init         0x800'01cd   0x1a  Code  Gb  stm32l4xx_hal_tim.o [1]
HAL_TIM_PWM_Start        0x800'01e7   0xc8  Code  Gb  stm32l4xx_hal_tim.o [1]
HAL_TIM_PWM_Stop         0x800'02f7   0x7c  Code  Gb  stm32l4xx_hal_tim.o [1]
HardFault_Handler        0x800'190f    0x2  Code  Gb  stm32l4xx_it.o [1]
MSIRangeTable            0x800'1824   0x30  Data  Gb  system_stm32l4xx.o [1]
MemManage_Handler        0x800'1911    0x2  Code  Gb  stm32l4xx_it.o [1]
NMI_Handler              0x800'190d    0x2  Code  Gb  stm32l4xx_it.o [1]
PendSV_Handler           0x800'191b    0x2  Code  Gb  stm32l4xx_it.o [1]
RCC_IRQHandler           0x800'1921    0x2  Code  Gb  stm32l4xx_it.o [1]
RCC_SetFlashLatencyFromMSIRange
                         0x800'13d9   0x74  Code  Lc  stm32l4xx_hal_rcc.o [1]
Region$$Table$$Base      0x800'18a0          --   Gb  - Linker created -
Region$$Table$$Limit     0x800'18c4          --   Gb  - Linker created -
SVC_Handler              0x800'1917    0x2  Code  Gb  stm32l4xx_it.o [1]
SysTick_Handler          0x800'191d    0x4  Code  Gb  stm32l4xx_it.o [1]
SystemClock_Config       0x800'1679   0x7c  Code  Gb  main.o [1]
SystemCoreClock         0x2000'000c    0x4  Data  Gb  system_stm32l4xx.o [1]
SystemInit               0x800'17d5   0x34  Code  Gb  system_stm32l4xx.o [1]
TIM_Base_SetConfig       0x800'05c3   0xac  Code  Gb  stm32l4xx_hal_tim.o [1]
TIM_CCxChannelCmd        0x800'096b   0x16  Code  Gb  stm32l4xx_hal_tim.o [1]
TIM_ETR_SetConfig        0x800'0957   0x14  Code  Gb  stm32l4xx_hal_tim.o [1]
TIM_ITRx_SetConfig       0x800'0947   0x10  Code  Lc  stm32l4xx_hal_tim.o [1]
TIM_OC1_SetConfig        0x800'066f   0x82  Code  Lc  stm32l4xx_hal_tim.o [1]
TIM_OC2_SetConfig        0x800'06f1   0x72  Code  Gb  stm32l4xx_hal_tim.o [1]
TIM_OC3_SetConfig        0x800'0763   0x70  Code  Lc  stm32l4xx_hal_tim.o [1]
TIM_OC4_SetConfig        0x800'07d3   0x4e  Code  Lc  stm32l4xx_hal_tim.o [1]
TIM_OC5_SetConfig        0x800'0821   0x54  Code  Lc  stm32l4xx_hal_tim.o [1]
TIM_OC6_SetConfig        0x800'0875   0x4e  Code  Lc  stm32l4xx_hal_tim.o [1]
TIM_TI1_ConfigInputStage
                         0x800'0905   0x1e  Code  Lc  stm32l4xx_hal_tim.o [1]
TIM_TI2_ConfigInputStage
                         0x800'0923   0x24  Code  Lc  stm32l4xx_hal_tim.o [1]
UsageFault_Handler       0x800'1915    0x2  Code  Gb  stm32l4xx_it.o [1]
__NVIC_SetPriority       0x800'0aa5   0x1a  Code  Lc  stm32l4xx_hal_cortex.o [1]
__aeabi_memset           0x800'0d61         Code  Gb  ABImemset.o [4]
__cmain                  0x800'18c5         Code  Gb  cmain.o [4]
__exit                   0x800'18f9   0x14  Code  Gb  exit.o [5]
__iar_Memset             0x800'0d61         Code  Gb  ABImemset.o [4]
__iar_Memset_word        0x800'0d69         Code  Gb  ABImemset.o [4]
__iar_copy_init3         0x800'0a77   0x2e  Code  Gb  copy_init3.o [4]
__iar_data_init3         0x800'1855   0x28  Code  Gb  data_init.o [4]
__iar_init_vfp           0x800'187d         Code  Gb  fpinit_M.o [3]
__iar_program_start      0x800'1955         Code  Gb  cstartup_M.o [4]
__iar_zero_init3         0x800'0987   0x3a  Code  Gb  zero_init3.o [4]
__low_level_init         0x800'18e3    0x4  Code  Gb  low_level_init.o [2]
__vector_table           0x800'0000         Data  Gb  startup_stm32l475xx.o [1]
_call_main               0x800'18d1         Code  Gb  cmain.o [4]
_exit                    0x800'18ed         Code  Gb  cexit.o [4]
_main                    0x800'18df         Code  Gb  cmain.o [4]
exit                     0x800'18e7    0x4  Code  Gb  exit.o [2]
htim2                   0x2000'0010   0x4c  Data  Gb  main.o [1]
main                     0x800'1559   0xe6  Code  Gb  main.o [1]
memset                   0x800'0b6d   0x14  Code  Gb  memset.o [4]
user_pwm_setvalue        0x800'163f   0x32  Code  Gb  main.o [1]
uwTick                  0x2000'0004    0x4  Data  Gb  stm32l4xx_hal.o [1]
uwTickFreq              0x2000'0000    0x1  Data  Gb  stm32l4xx_hal.o [1]
uwTickPrio              0x2000'0008    0x4  Data  Gb  stm32l4xx_hal.o [1]


[1] = Z:\VM Share\workspace\PWM\Manage_LED_Brightness\EWARM\Manage_LED_Brightness\Obj
[2] = dl7M_tln.a
[3] = m7M_tls.a
[4] = rt7M_tl.a
[5] = shb_l.a

  6'710 bytes of readonly  code memory
    102 bytes of readonly  data memory
  1'116 bytes of readwrite data memory

Errors: none
Warnings: none
